0 verbose cli /usr/local/bin/node /usr/local/bin/npm
1 info using npm@10.9.2
2 info using node@v22.17.0
3 silly config load:file:/usr/local/lib/node_modules/npm/npmrc
4 silly config load:file:/Users/kavi/vacabuary-game/.npmrc
5 silly config load:file:/Users/kavi/.npmrc
6 silly config load:file:/usr/local/etc/npmrc
7 verbose title npm install @netlify/plugin-nextjs
8 verbose argv "install" "--save-dev" "@netlify/plugin-nextjs"
9 verbose logfile logs-max:10 dir:/Users/kavi/vacabuary-game/.npm-cache/_logs/2025-12-06T16_36_32_197Z-
10 verbose logfile /Users/kavi/vacabuary-game/.npm-cache/_logs/2025-12-06T16_36_32_197Z-debug-0.log
11 silly logfile done cleaning log files
12 silly packumentCache heap:2197815296 maxSize:549453824 maxEntrySize:274726912
13 silly idealTree buildDeps
14 silly fetch manifest @netlify/plugin-nextjs@*
15 silly packumentCache full:https://registry.npmjs.org/@netlify%2fplugin-nextjs cache-miss
16 http fetch GET 200 https://registry.npmjs.org/@netlify%2fplugin-nextjs 1856ms (cache miss)
17 silly packumentCache full:https://registry.npmjs.org/@netlify%2fplugin-nextjs set size:undefined disposed:false
18 silly placeDep ROOT @netlify/plugin-nextjs@5.15.1 OK for: game@0.1.0 want: *
19 silly reify moves {}
20 silly audit bulk request {
20 silly audit   '@babel/code-frame': [ '7.27.1' ],
20 silly audit   '@babel/compat-data': [ '7.28.5' ],
20 silly audit   '@babel/core': [ '7.28.5' ],
20 silly audit   '@babel/generator': [ '7.28.5' ],
20 silly audit   '@babel/helper-compilation-targets': [ '7.27.2' ],
20 silly audit   '@babel/helper-globals': [ '7.28.0' ],
20 silly audit   '@babel/helper-module-imports': [ '7.27.1' ],
20 silly audit   '@babel/helper-module-transforms': [ '7.28.3' ],
20 silly audit   '@babel/helper-string-parser': [ '7.27.1' ],
20 silly audit   '@babel/helper-validator-identifier': [ '7.28.5' ],
20 silly audit   '@babel/helper-validator-option': [ '7.27.1' ],
20 silly audit   '@babel/helpers': [ '7.28.4' ],
20 silly audit   '@babel/parser': [ '7.28.5' ],
20 silly audit   '@babel/template': [ '7.27.2' ],
20 silly audit   '@babel/traverse': [ '7.28.5' ],
20 silly audit   '@babel/types': [ '7.28.5' ],
20 silly audit   '@emnapi/core': [ '1.7.1' ],
20 silly audit   '@emnapi/runtime': [ '1.7.1' ],
20 silly audit   '@emnapi/wasi-threads': [ '1.1.0' ],
20 silly audit   '@eslint-community/eslint-utils': [ '4.9.0' ],
20 silly audit   'eslint-visitor-keys': [ '3.4.3', '4.2.1' ],
20 silly audit   '@eslint-community/regexpp': [ '4.12.2' ],
20 silly audit   '@eslint/config-array': [ '0.21.1' ],
20 silly audit   '@eslint/config-helpers': [ '0.4.2' ],
20 silly audit   '@eslint/core': [ '0.17.0' ],
20 silly audit   '@eslint/eslintrc': [ '3.3.3' ],
20 silly audit   '@eslint/js': [ '9.39.1' ],
20 silly audit   '@eslint/object-schema': [ '2.1.7' ],
20 silly audit   '@eslint/plugin-kit': [ '0.4.1' ],
20 silly audit   '@google/generative-ai': [ '0.24.1' ],
20 silly audit   '@huggingface/inference': [ '4.13.4' ],
20 silly audit   '@huggingface/jinja': [ '0.5.3' ],
20 silly audit   '@huggingface/tasks': [ '0.19.66' ],
20 silly audit   '@humanfs/core': [ '0.19.1' ],
20 silly audit   '@humanfs/node': [ '0.16.7' ],
20 silly audit   '@humanwhocodes/module-importer': [ '1.0.1' ],
20 silly audit   '@humanwhocodes/retry': [ '0.4.3' ],
20 silly audit   '@img/colour': [ '1.0.0' ],
20 silly audit   '@img/sharp-darwin-arm64': [ '0.34.5' ],
20 silly audit   '@img/sharp-darwin-x64': [ '0.34.5' ],
20 silly audit   '@img/sharp-libvips-darwin-arm64': [ '1.2.4' ],
20 silly audit   '@img/sharp-libvips-darwin-x64': [ '1.2.4' ],
20 silly audit   '@img/sharp-libvips-linux-arm': [ '1.2.4' ],
20 silly audit   '@img/sharp-libvips-linux-arm64': [ '1.2.4' ],
20 silly audit   '@img/sharp-libvips-linux-ppc64': [ '1.2.4' ],
20 silly audit   '@img/sharp-libvips-linux-riscv64': [ '1.2.4' ],
20 silly audit   '@img/sharp-libvips-linux-s390x': [ '1.2.4' ],
20 silly audit   '@img/sharp-libvips-linux-x64': [ '1.2.4' ],
20 silly audit   '@img/sharp-libvips-linuxmusl-arm64': [ '1.2.4' ],
20 silly audit   '@img/sharp-libvips-linuxmusl-x64': [ '1.2.4' ],
20 silly audit   '@img/sharp-linux-arm': [ '0.34.5' ],
20 silly audit   '@img/sharp-linux-arm64': [ '0.34.5' ],
20 silly audit   '@img/sharp-linux-ppc64': [ '0.34.5' ],
20 silly audit   '@img/sharp-linux-riscv64': [ '0.34.5' ],
20 silly audit   '@img/sharp-linux-s390x': [ '0.34.5' ],
20 silly audit   '@img/sharp-linux-x64': [ '0.34.5' ],
20 silly audit   '@img/sharp-linuxmusl-arm64': [ '0.34.5' ],
20 silly audit   '@img/sharp-linuxmusl-x64': [ '0.34.5' ],
20 silly audit   '@img/sharp-wasm32': [ '0.34.5' ],
20 silly audit   '@img/sharp-win32-arm64': [ '0.34.5' ],
20 silly audit   '@img/sharp-win32-ia32': [ '0.34.5' ],
20 silly audit   '@img/sharp-win32-x64': [ '0.34.5' ],
20 silly audit   '@jridgewell/gen-mapping': [ '0.3.13' ],
20 silly audit   '@jridgewell/remapping': [ '2.3.5' ],
20 silly audit   '@jridgewell/resolve-uri': [ '3.1.2' ],
20 silly audit   '@jridgewell/sourcemap-codec': [ '1.5.5' ],
20 silly audit   '@jridgewell/trace-mapping': [ '0.3.31' ],
20 silly audit   '@napi-rs/wasm-runtime': [ '0.2.12' ],
20 silly audit   '@next/env': [ '16.0.7' ],
20 silly audit   '@next/eslint-plugin-next': [ '16.0.7' ],
20 silly audit   '@next/swc-darwin-arm64': [ '16.0.7' ],
20 silly audit   '@next/swc-darwin-x64': [ '16.0.7' ],
20 silly audit   '@next/swc-linux-arm64-gnu': [ '16.0.7' ],
20 silly audit   '@next/swc-linux-arm64-musl': [ '16.0.7' ],
20 silly audit   '@next/swc-linux-x64-gnu': [ '16.0.7' ],
20 silly audit   '@next/swc-linux-x64-musl': [ '16.0.7' ],
20 silly audit   '@next/swc-win32-arm64-msvc': [ '16.0.7' ],
20 silly audit   '@next/swc-win32-x64-msvc': [ '16.0.7' ],
20 silly audit   '@nodelib/fs.scandir': [ '2.1.5' ],
20 silly audit   '@nodelib/fs.stat': [ '2.0.5' ],
20 silly audit   '@nodelib/fs.walk': [ '1.2.8' ],
20 silly audit   '@nolyfill/is-core-module': [ '1.0.39' ],
20 silly audit   '@rtsao/scc': [ '1.1.0' ],
20 silly audit   '@swc/helpers': [ '0.5.15' ],
20 silly audit   '@tybys/wasm-util': [ '0.10.1' ],
20 silly audit   '@types/estree': [ '1.0.8' ],
20 silly audit   '@types/json-schema': [ '7.0.15' ],
20 silly audit   '@types/json5': [ '0.0.29' ],
20 silly audit   '@typescript-eslint/eslint-plugin': [ '8.48.1' ],
20 silly audit   ignore: [ '7.0.5', '5.3.2' ],
20 silly audit   '@typescript-eslint/parser': [ '8.48.1' ],
20 silly audit   '@typescript-eslint/project-service': [ '8.48.1' ],
20 silly audit   '@typescript-eslint/scope-manager': [ '8.48.1' ],
20 silly audit   '@typescript-eslint/tsconfig-utils': [ '8.48.1' ],
20 silly audit   '@typescript-eslint/type-utils': [ '8.48.1' ],
20 silly audit   '@typescript-eslint/types': [ '8.48.1' ],
20 silly audit   '@typescript-eslint/typescript-estree': [ '8.48.1' ],
20 silly audit   'brace-expansion': [ '2.0.2', '1.1.12' ],
20 silly audit   minimatch: [ '9.0.5', '3.1.2' ],
20 silly audit   semver: [ '7.7.3', '6.3.1' ],
20 silly audit   '@typescript-eslint/utils': [ '8.48.1' ],
20 silly audit   '@typescript-eslint/visitor-keys': [ '8.48.1' ],
20 silly audit   '@unrs/resolver-binding-android-arm-eabi': [ '1.11.1' ],
20 silly audit   '@unrs/resolver-binding-android-arm64': [ '1.11.1' ],
20 silly audit   '@unrs/resolver-binding-darwin-arm64': [ '1.11.1' ],
20 silly audit   '@unrs/resolver-binding-darwin-x64': [ '1.11.1' ],
20 silly audit   '@unrs/resolver-binding-freebsd-x64': [ '1.11.1' ],
20 silly audit   '@unrs/resolver-binding-linux-arm-gnueabihf': [ '1.11.1' ],
20 silly audit   '@unrs/resolver-binding-linux-arm-musleabihf': [ '1.11.1' ],
20 silly audit   '@unrs/resolver-binding-linux-arm64-gnu': [ '1.11.1' ],
20 silly audit   '@unrs/resolver-binding-linux-arm64-musl': [ '1.11.1' ],
20 silly audit   '@unrs/resolver-binding-linux-ppc64-gnu': [ '1.11.1' ],
20 silly audit   '@unrs/resolver-binding-linux-riscv64-gnu': [ '1.11.1' ],
20 silly audit   '@unrs/resolver-binding-linux-riscv64-musl': [ '1.11.1' ],
20 silly audit   '@unrs/resolver-binding-linux-s390x-gnu': [ '1.11.1' ],
20 silly audit   '@unrs/resolver-binding-linux-x64-gnu': [ '1.11.1' ],
20 silly audit   '@unrs/resolver-binding-linux-x64-musl': [ '1.11.1' ],
20 silly audit   '@unrs/resolver-binding-wasm32-wasi': [ '1.11.1' ],
20 silly audit   '@unrs/resolver-binding-win32-arm64-msvc': [ '1.11.1' ],
20 silly audit   '@unrs/resolver-binding-win32-ia32-msvc': [ '1.11.1' ],
20 silly audit   '@unrs/resolver-binding-win32-x64-msvc': [ '1.11.1' ],
20 silly audit   acorn: [ '8.15.0' ],
20 silly audit   'acorn-jsx': [ '5.3.2' ],
20 silly audit   ajv: [ '6.12.6' ],
20 silly audit   'ansi-styles': [ '4.3.0' ],
20 silly audit   argparse: [ '2.0.1' ],
20 silly audit   'aria-query': [ '5.3.2' ],
20 silly audit   'array-buffer-byte-length': [ '1.0.2' ],
20 silly audit   'array-includes': [ '3.1.9' ],
20 silly audit   'array.prototype.findlast': [ '1.2.5' ],
20 silly audit   'array.prototype.findlastindex': [ '1.2.6' ],
20 silly audit   'array.prototype.flat': [ '1.3.3' ],
20 silly audit   'array.prototype.flatmap': [ '1.3.3' ],
20 silly audit   'array.prototype.tosorted': [ '1.1.4' ],
20 silly audit   'arraybuffer.prototype.slice': [ '1.0.4' ],
20 silly audit   'ast-types-flow': [ '0.0.8' ],
20 silly audit   'async-function': [ '1.0.0' ],
20 silly audit   'available-typed-arrays': [ '1.0.7' ],
20 silly audit   'axe-core': [ '4.11.0' ],
20 silly audit   'axobject-query': [ '4.1.0' ],
20 silly audit   'balanced-match': [ '1.0.2' ],
20 silly audit   'baseline-browser-mapping': [ '2.9.2' ],
20 silly audit   braces: [ '3.0.3' ],
20 silly audit   browserslist: [ '4.28.1' ],
20 silly audit   'call-bind': [ '1.0.8' ],
20 silly audit   'call-bind-apply-helpers': [ '1.0.2' ],
20 silly audit   'call-bound': [ '1.0.4' ],
20 silly audit   callsites: [ '3.1.0' ],
20 silly audit   'caniuse-lite': [ '1.0.30001759' ],
20 silly audit   chalk: [ '4.1.2' ],
20 silly audit   'client-only': [ '0.0.1' ],
20 silly audit   'color-convert': [ '2.0.1' ],
20 silly audit   'color-name': [ '1.1.4' ],
20 silly audit   'concat-map': [ '0.0.1' ],
20 silly audit   'convert-source-map': [ '2.0.0' ],
20 silly audit   'cross-spawn': [ '7.0.6' ],
20 silly audit   'damerau-levenshtein': [ '1.0.8' ],
20 silly audit   'data-view-buffer': [ '1.0.2' ],
20 silly audit   'data-view-byte-length': [ '1.0.2' ],
20 silly audit   'data-view-byte-offset': [ '1.0.1' ],
20 silly audit   debug: [ '4.4.3', '3.2.7' ],
20 silly audit   'deep-is': [ '0.1.4' ],
20 silly audit   'define-data-property': [ '1.1.4' ],
20 silly audit   'define-properties': [ '1.2.1' ],
20 silly audit   'detect-libc': [ '2.1.2' ],
20 silly audit   doctrine: [ '2.1.0' ],
20 silly audit   'dunder-proto': [ '1.0.1' ],
20 silly audit   'electron-to-chromium': [ '1.5.266' ],
20 silly audit   'emoji-regex': [ '9.2.2' ],
20 silly audit   'es-abstract': [ '1.24.0' ],
20 silly audit   'es-define-property': [ '1.0.1' ],
20 silly audit   'es-errors': [ '1.3.0' ],
20 silly audit   'es-iterator-helpers': [ '1.2.1' ],
20 silly audit   'es-object-atoms': [ '1.1.1' ],
20 silly audit   'es-set-tostringtag': [ '2.1.0' ],
20 silly audit   'es-shim-unscopables': [ '1.1.0' ],
20 silly audit   'es-to-primitive': [ '1.3.0' ],
20 silly audit   escalade: [ '3.2.0' ],
20 silly audit   'escape-string-regexp': [ '4.0.0' ],
20 silly audit   eslint: [ '9.39.1' ],
20 silly audit   'eslint-config-next': [ '16.0.7' ],
20 silly audit   globals: [ '16.4.0', '14.0.0' ],
20 silly audit   'eslint-import-resolver-node': [ '0.3.9' ],
20 silly audit   'eslint-import-resolver-typescript': [ '3.10.1' ],
20 silly audit   'eslint-module-utils': [ '2.12.1' ],
20 silly audit   'eslint-plugin-import': [ '2.32.0' ],
20 silly audit   'eslint-plugin-jsx-a11y': [ '6.10.2' ],
20 silly audit   'eslint-plugin-react': [ '7.37.5' ],
20 silly audit   'eslint-plugin-react-hooks': [ '7.0.1' ],
20 silly audit   resolve: [ '2.0.0-next.5', '1.22.11' ],
20 silly audit   'eslint-scope': [ '8.4.0' ],
20 silly audit   espree: [ '10.4.0' ],
20 silly audit   esquery: [ '1.6.0' ],
20 silly audit   esrecurse: [ '4.3.0' ],
20 silly audit   estraverse: [ '5.3.0' ],
20 silly audit   esutils: [ '2.0.3' ],
20 silly audit   'fast-deep-equal': [ '3.1.3' ],
20 silly audit   'fast-glob': [ '3.3.1' ],
20 silly audit   'glob-parent': [ '5.1.2', '6.0.2' ],
20 silly audit   'fast-json-stable-stringify': [ '2.1.0' ],
20 silly audit   'fast-levenshtein': [ '2.0.6' ],
20 silly audit   fastq: [ '1.19.1' ],
20 silly audit   'file-entry-cache': [ '8.0.0' ],
20 silly audit   'fill-range': [ '7.1.1' ],
20 silly audit   'find-up': [ '5.0.0' ],
20 silly audit   'flat-cache': [ '4.0.1' ],
20 silly audit   flatted: [ '3.3.3' ],
20 silly audit   'for-each': [ '0.3.5' ],
20 silly audit   'function-bind': [ '1.1.2' ],
20 silly audit   'function.prototype.name': [ '1.1.8' ],
20 silly audit   'functions-have-names': [ '1.2.3' ],
20 silly audit   'generator-function': [ '2.0.1' ],
20 silly audit   gensync: [ '1.0.0-beta.2' ],
20 silly audit   'get-intrinsic': [ '1.3.0' ],
20 silly audit   'get-proto': [ '1.0.1' ],
20 silly audit   'get-symbol-description': [ '1.1.0' ],
20 silly audit   'get-tsconfig': [ '4.13.0' ],
20 silly audit   globalthis: [ '1.0.4' ],
20 silly audit   gopd: [ '1.2.0' ],
20 silly audit   graphemer: [ '1.4.0' ],
20 silly audit   'has-bigints': [ '1.1.0' ],
20 silly audit   'has-flag': [ '4.0.0' ],
20 silly audit   'has-property-descriptors': [ '1.0.2' ],
20 silly audit   'has-proto': [ '1.2.0' ],
20 silly audit   'has-symbols': [ '1.1.0' ],
20 silly audit   'has-tostringtag': [ '1.0.2' ],
20 silly audit   hasown: [ '2.0.2' ],
20 silly audit   'hermes-estree': [ '0.25.1' ],
20 silly audit   'hermes-parser': [ '0.25.1' ],
20 silly audit   'import-fresh': [ '3.3.1' ],
20 silly audit   imurmurhash: [ '0.1.4' ],
20 silly audit   'internal-slot': [ '1.1.0' ],
20 silly audit   'is-array-buffer': [ '3.0.5' ],
20 silly audit   'is-async-function': [ '2.1.1' ],
20 silly audit   'is-bigint': [ '1.1.0' ],
20 silly audit   'is-boolean-object': [ '1.2.2' ],
20 silly audit   'is-bun-module': [ '2.0.0' ],
20 silly audit   'is-callable': [ '1.2.7' ],
20 silly audit   'is-core-module': [ '2.16.1' ],
20 silly audit   'is-data-view': [ '1.0.2' ],
20 silly audit   'is-date-object': [ '1.1.0' ],
20 silly audit   'is-extglob': [ '2.1.1' ],
20 silly audit   'is-finalizationregistry': [ '1.1.1' ],
20 silly audit   'is-generator-function': [ '1.1.2' ],
20 silly audit   'is-glob': [ '4.0.3' ],
20 silly audit   'is-map': [ '2.0.3' ],
20 silly audit   'is-negative-zero': [ '2.0.3' ],
20 silly audit   'is-number': [ '7.0.0' ],
20 silly audit   'is-number-object': [ '1.1.1' ],
20 silly audit   'is-regex': [ '1.2.1' ],
20 silly audit   'is-set': [ '2.0.3' ],
20 silly audit   'is-shared-array-buffer': [ '1.0.4' ],
20 silly audit   'is-string': [ '1.1.1' ],
20 silly audit   'is-symbol': [ '1.1.1' ],
20 silly audit   'is-typed-array': [ '1.1.15' ],
20 silly audit   'is-weakmap': [ '2.0.2' ],
20 silly audit   'is-weakref': [ '1.1.1' ],
20 silly audit   'is-weakset': [ '2.0.4' ],
20 silly audit   isarray: [ '2.0.5' ],
20 silly audit   isexe: [ '2.0.0' ],
20 silly audit   'iterator.prototype': [ '1.1.5' ],
20 silly audit   'js-tokens': [ '4.0.0' ],
20 silly audit   'js-yaml': [ '4.1.1' ],
20 silly audit   jsesc: [ '3.1.0' ],
20 silly audit   'json-buffer': [ '3.0.1' ],
20 silly audit   'json-schema-traverse': [ '0.4.1' ],
20 silly audit   'json-stable-stringify-without-jsonify': [ '1.0.1' ],
20 silly audit   json5: [ '2.2.3', '1.0.2' ],
20 silly audit   'jsx-ast-utils': [ '3.3.5' ],
20 silly audit   keyv: [ '4.5.4' ],
20 silly audit   'language-subtag-registry': [ '0.3.23' ],
20 silly audit   'language-tags': [ '1.0.9' ],
20 silly audit   levn: [ '0.4.1' ],
20 silly audit   'locate-path': [ '6.0.0' ],
20 silly audit   'lodash.merge': [ '4.6.2' ],
20 silly audit   'loose-envify': [ '1.4.0' ],
20 silly audit   'lru-cache': [ '5.1.1' ],
20 silly audit   'math-intrinsics': [ '1.1.0' ],
20 silly audit   merge2: [ '1.4.1' ],
20 silly audit   micromatch: [ '4.0.8' ],
20 silly audit   minimist: [ '1.2.8' ],
20 silly audit   ms: [ '2.1.3' ],
20 silly audit   nanoid: [ '3.3.11' ],
20 silly audit   'napi-postinstall': [ '0.3.4' ],
20 silly audit   'natural-compare': [ '1.4.0' ],
20 silly audit   next: [ '16.0.7' ],
20 silly audit   'node-releases': [ '2.0.27' ],
20 silly audit   'object-assign': [ '4.1.1' ],
20 silly audit   'object-inspect': [ '1.13.4' ],
20 silly audit   'object-keys': [ '1.1.1' ],
20 silly audit   'object.assign': [ '4.1.7' ],
20 silly audit   'object.entries': [ '1.1.9' ],
20 silly audit   'object.fromentries': [ '2.0.8' ],
20 silly audit   'object.groupby': [ '1.0.3' ],
20 silly audit   'object.values': [ '1.2.1' ],
20 silly audit   optionator: [ '0.9.4' ],
20 silly audit   'own-keys': [ '1.0.1' ],
20 silly audit   'p-limit': [ '3.1.0' ],
20 silly audit   'p-locate': [ '5.0.0' ],
20 silly audit   'parent-module': [ '1.0.1' ],
20 silly audit   'path-exists': [ '4.0.0' ],
20 silly audit   'path-key': [ '3.1.1' ],
20 silly audit   'path-parse': [ '1.0.7' ],
20 silly audit   picocolors: [ '1.1.1' ],
20 silly audit   picomatch: [ '2.3.1', '4.0.3' ],
20 silly audit   'possible-typed-array-names': [ '1.1.0' ],
20 silly audit   postcss: [ '8.4.31' ],
20 silly audit   'prelude-ls': [ '1.2.1' ],
20 silly audit   'prop-types': [ '15.8.1' ],
20 silly audit   punycode: [ '2.3.1' ],
20 silly audit   'queue-microtask': [ '1.2.3' ],
20 silly audit   react: [ '19.2.0' ],
20 silly audit   'react-dom': [ '19.2.0' ],
20 silly audit   'react-is': [ '16.13.1' ],
20 silly audit   'reflect.getprototypeof': [ '1.0.10' ],
20 silly audit   'regexp.prototype.flags': [ '1.5.4' ],
20 silly audit   'resolve-from': [ '4.0.0' ],
20 silly audit   'resolve-pkg-maps': [ '1.0.0' ],
20 silly audit   reusify: [ '1.1.0' ],
20 silly audit   'run-parallel': [ '1.2.0' ],
20 silly audit   'safe-array-concat': [ '1.1.3' ],
20 silly audit   'safe-push-apply': [ '1.0.0' ],
20 silly audit   'safe-regex-test': [ '1.1.0' ],
20 silly audit   scheduler: [ '0.27.0' ],
20 silly audit   'set-function-length': [ '1.2.2' ],
20 silly audit   'set-function-name': [ '2.0.2' ],
20 silly audit   'set-proto': [ '1.0.0' ],
20 silly audit   sharp: [ '0.34.5' ],
20 silly audit   'shebang-command': [ '2.0.0' ],
20 silly audit   'shebang-regex': [ '3.0.0' ],
20 silly audit   'side-channel': [ '1.1.0' ],
20 silly audit   'side-channel-list': [ '1.0.0' ],
20 silly audit   'side-channel-map': [ '1.0.1' ],
20 silly audit   'side-channel-weakmap': [ '1.0.2' ],
20 silly audit   'source-map-js': [ '1.2.1' ],
20 silly audit   'stable-hash': [ '0.0.5' ],
20 silly audit   'stop-iteration-iterator': [ '1.1.0' ],
20 silly audit   'string.prototype.includes': [ '2.0.1' ],
20 silly audit   'string.prototype.matchall': [ '4.0.12' ],
20 silly audit   'string.prototype.repeat': [ '1.0.0' ],
20 silly audit   'string.prototype.trim': [ '1.2.10' ],
20 silly audit   'string.prototype.trimend': [ '1.0.9' ],
20 silly audit   'string.prototype.trimstart': [ '1.0.8' ],
20 silly audit   'strip-bom': [ '3.0.0' ],
20 silly audit   'strip-json-comments': [ '3.1.1' ],
20 silly audit   'styled-jsx': [ '5.1.6' ],
20 silly audit   'supports-color': [ '7.2.0' ],
20 silly audit   'supports-preserve-symlinks-flag': [ '1.0.0' ],
20 silly audit   tinyglobby: [ '0.2.15' ],
20 silly audit   fdir: [ '6.5.0' ],
20 silly audit   'to-regex-range': [ '5.0.1' ],
20 silly audit   'ts-api-utils': [ '2.1.0' ],
20 silly audit   'tsconfig-paths': [ '3.15.0' ],
20 silly audit   tslib: [ '2.8.1' ],
20 silly audit   'type-check': [ '0.4.0' ],
20 silly audit   'typed-array-buffer': [ '1.0.3' ],
20 silly audit   'typed-array-byte-length': [ '1.0.3' ],
20 silly audit   'typed-array-byte-offset': [ '1.0.4' ],
20 silly audit   'typed-array-length': [ '1.0.7' ],
20 silly audit   typescript: [ '5.9.3' ],
20 silly audit   'typescript-eslint': [ '8.48.1' ],
20 silly audit   'unbox-primitive': [ '1.1.0' ],
20 silly audit   'unrs-resolver': [ '1.11.1' ],
20 silly audit   'update-browserslist-db': [ '1.2.2' ],
20 silly audit   'uri-js': [ '4.4.1' ],
20 silly audit   which: [ '2.0.2' ],
20 silly audit   'which-boxed-primitive': [ '1.1.1' ],
20 silly audit   'which-builtin-type': [ '1.2.1' ],
20 silly audit   'which-collection': [ '1.0.2' ],
20 silly audit   'which-typed-array': [ '1.1.19' ],
20 silly audit   'word-wrap': [ '1.2.5' ],
20 silly audit   yallist: [ '3.1.1' ],
20 silly audit   'yocto-queue': [ '0.1.0' ],
20 silly audit   zod: [ '4.1.13' ],
20 silly audit   'zod-validation-error': [ '4.0.2' ],
20 silly audit   '@netlify/plugin-nextjs': [ '5.15.1' ]
20 silly audit }
21 verbose reify failed optional dependency /Users/kavi/vacabuary-game/node_modules/@unrs/resolver-binding-win32-x64-msvc
22 silly reify mark deleted [
22 silly reify   '/Users/kavi/vacabuary-game/node_modules/@unrs/resolver-binding-win32-x64-msvc'
22 silly reify ]
23 verbose reify failed optional dependency /Users/kavi/vacabuary-game/node_modules/@unrs/resolver-binding-win32-ia32-msvc
24 silly reify mark deleted [
24 silly reify   '/Users/kavi/vacabuary-game/node_modules/@unrs/resolver-binding-win32-ia32-msvc'
24 silly reify ]
25 verbose reify failed optional dependency /Users/kavi/vacabuary-game/node_modules/@unrs/resolver-binding-win32-arm64-msvc
26 silly reify mark deleted [
26 silly reify   '/Users/kavi/vacabuary-game/node_modules/@unrs/resolver-binding-win32-arm64-msvc'
26 silly reify ]
27 verbose reify failed optional dependency /Users/kavi/vacabuary-game/node_modules/@unrs/resolver-binding-wasm32-wasi
28 silly reify mark deleted [
28 silly reify   '/Users/kavi/vacabuary-game/node_modules/@unrs/resolver-binding-wasm32-wasi'
28 silly reify ]
29 verbose reify failed optional dependency /Users/kavi/vacabuary-game/node_modules/@napi-rs/wasm-runtime
30 silly reify mark deleted [ '/Users/kavi/vacabuary-game/node_modules/@napi-rs/wasm-runtime' ]
31 verbose reify failed optional dependency /Users/kavi/vacabuary-game/node_modules/@emnapi/core
32 silly reify mark deleted [ '/Users/kavi/vacabuary-game/node_modules/@emnapi/core' ]
33 verbose reify failed optional dependency /Users/kavi/vacabuary-game/node_modules/@tybys/wasm-util
34 silly reify mark deleted [ '/Users/kavi/vacabuary-game/node_modules/@tybys/wasm-util' ]
35 verbose reify failed optional dependency /Users/kavi/vacabuary-game/node_modules/@emnapi/wasi-threads
36 silly reify mark deleted [ '/Users/kavi/vacabuary-game/node_modules/@emnapi/wasi-threads' ]
37 verbose reify failed optional dependency /Users/kavi/vacabuary-game/node_modules/@unrs/resolver-binding-linux-x64-musl
38 silly reify mark deleted [
38 silly reify   '/Users/kavi/vacabuary-game/node_modules/@unrs/resolver-binding-linux-x64-musl'
38 silly reify ]
39 verbose reify failed optional dependency /Users/kavi/vacabuary-game/node_modules/@unrs/resolver-binding-linux-x64-gnu
40 silly reify mark deleted [
40 silly reify   '/Users/kavi/vacabuary-game/node_modules/@unrs/resolver-binding-linux-x64-gnu'
40 silly reify ]
41 verbose reify failed optional dependency /Users/kavi/vacabuary-game/node_modules/@unrs/resolver-binding-linux-s390x-gnu
42 silly reify mark deleted [
42 silly reify   '/Users/kavi/vacabuary-game/node_modules/@unrs/resolver-binding-linux-s390x-gnu'
42 silly reify ]
43 verbose reify failed optional dependency /Users/kavi/vacabuary-game/node_modules/@unrs/resolver-binding-linux-riscv64-musl
44 silly reify mark deleted [
44 silly reify   '/Users/kavi/vacabuary-game/node_modules/@unrs/resolver-binding-linux-riscv64-musl'
44 silly reify ]
45 verbose reify failed optional dependency /Users/kavi/vacabuary-game/node_modules/@unrs/resolver-binding-linux-riscv64-gnu
46 silly reify mark deleted [
46 silly reify   '/Users/kavi/vacabuary-game/node_modules/@unrs/resolver-binding-linux-riscv64-gnu'
46 silly reify ]
47 verbose reify failed optional dependency /Users/kavi/vacabuary-game/node_modules/@unrs/resolver-binding-linux-ppc64-gnu
48 silly reify mark deleted [
48 silly reify   '/Users/kavi/vacabuary-game/node_modules/@unrs/resolver-binding-linux-ppc64-gnu'
48 silly reify ]
49 verbose reify failed optional dependency /Users/kavi/vacabuary-game/node_modules/@unrs/resolver-binding-linux-arm64-musl
50 silly reify mark deleted [
50 silly reify   '/Users/kavi/vacabuary-game/node_modules/@unrs/resolver-binding-linux-arm64-musl'
50 silly reify ]
51 verbose reify failed optional dependency /Users/kavi/vacabuary-game/node_modules/@unrs/resolver-binding-linux-arm64-gnu
52 silly reify mark deleted [
52 silly reify   '/Users/kavi/vacabuary-game/node_modules/@unrs/resolver-binding-linux-arm64-gnu'
52 silly reify ]
53 verbose reify failed optional dependency /Users/kavi/vacabuary-game/node_modules/@unrs/resolver-binding-linux-arm-musleabihf
54 silly reify mark deleted [
54 silly reify   '/Users/kavi/vacabuary-game/node_modules/@unrs/resolver-binding-linux-arm-musleabihf'
54 silly reify ]
55 verbose reify failed optional dependency /Users/kavi/vacabuary-game/node_modules/@unrs/resolver-binding-linux-arm-gnueabihf
56 silly reify mark deleted [
56 silly reify   '/Users/kavi/vacabuary-game/node_modules/@unrs/resolver-binding-linux-arm-gnueabihf'
56 silly reify ]
57 verbose reify failed optional dependency /Users/kavi/vacabuary-game/node_modules/@unrs/resolver-binding-freebsd-x64
58 silly reify mark deleted [
58 silly reify   '/Users/kavi/vacabuary-game/node_modules/@unrs/resolver-binding-freebsd-x64'
58 silly reify ]
59 verbose reify failed optional dependency /Users/kavi/vacabuary-game/node_modules/@unrs/resolver-binding-darwin-x64
60 silly reify mark deleted [
60 silly reify   '/Users/kavi/vacabuary-game/node_modules/@unrs/resolver-binding-darwin-x64'
60 silly reify ]
61 verbose reify failed optional dependency /Users/kavi/vacabuary-game/node_modules/@unrs/resolver-binding-android-arm64
62 silly reify mark deleted [
62 silly reify   '/Users/kavi/vacabuary-game/node_modules/@unrs/resolver-binding-android-arm64'
62 silly reify ]
63 verbose reify failed optional dependency /Users/kavi/vacabuary-game/node_modules/@unrs/resolver-binding-android-arm-eabi
64 silly reify mark deleted [
64 silly reify   '/Users/kavi/vacabuary-game/node_modules/@unrs/resolver-binding-android-arm-eabi'
64 silly reify ]
65 verbose reify failed optional dependency /Users/kavi/vacabuary-game/node_modules/@next/swc-win32-x64-msvc
66 silly reify mark deleted [ '/Users/kavi/vacabuary-game/node_modules/@next/swc-win32-x64-msvc' ]
67 verbose reify failed optional dependency /Users/kavi/vacabuary-game/node_modules/@next/swc-win32-arm64-msvc
68 silly reify mark deleted [
68 silly reify   '/Users/kavi/vacabuary-game/node_modules/@next/swc-win32-arm64-msvc'
68 silly reify ]
69 verbose reify failed optional dependency /Users/kavi/vacabuary-game/node_modules/@next/swc-linux-x64-musl
70 silly reify mark deleted [ '/Users/kavi/vacabuary-game/node_modules/@next/swc-linux-x64-musl' ]
71 verbose reify failed optional dependency /Users/kavi/vacabuary-game/node_modules/@next/swc-linux-x64-gnu
72 silly reify mark deleted [ '/Users/kavi/vacabuary-game/node_modules/@next/swc-linux-x64-gnu' ]
73 verbose reify failed optional dependency /Users/kavi/vacabuary-game/node_modules/@next/swc-linux-arm64-musl
74 silly reify mark deleted [
74 silly reify   '/Users/kavi/vacabuary-game/node_modules/@next/swc-linux-arm64-musl'
74 silly reify ]
75 verbose reify failed optional dependency /Users/kavi/vacabuary-game/node_modules/@next/swc-linux-arm64-gnu
76 silly reify mark deleted [ '/Users/kavi/vacabuary-game/node_modules/@next/swc-linux-arm64-gnu' ]
77 verbose reify failed optional dependency /Users/kavi/vacabuary-game/node_modules/@next/swc-darwin-x64
78 silly reify mark deleted [ '/Users/kavi/vacabuary-game/node_modules/@next/swc-darwin-x64' ]
79 verbose reify failed optional dependency /Users/kavi/vacabuary-game/node_modules/@img/sharp-win32-x64
80 silly reify mark deleted [ '/Users/kavi/vacabuary-game/node_modules/@img/sharp-win32-x64' ]
81 verbose reify failed optional dependency /Users/kavi/vacabuary-game/node_modules/@img/sharp-win32-ia32
82 silly reify mark deleted [ '/Users/kavi/vacabuary-game/node_modules/@img/sharp-win32-ia32' ]
83 verbose reify failed optional dependency /Users/kavi/vacabuary-game/node_modules/@img/sharp-win32-arm64
84 silly reify mark deleted [ '/Users/kavi/vacabuary-game/node_modules/@img/sharp-win32-arm64' ]
85 verbose reify failed optional dependency /Users/kavi/vacabuary-game/node_modules/@img/sharp-wasm32
86 silly reify mark deleted [ '/Users/kavi/vacabuary-game/node_modules/@img/sharp-wasm32' ]
87 verbose reify failed optional dependency /Users/kavi/vacabuary-game/node_modules/@img/sharp-linuxmusl-x64
88 silly reify mark deleted [ '/Users/kavi/vacabuary-game/node_modules/@img/sharp-linuxmusl-x64' ]
89 verbose reify failed optional dependency /Users/kavi/vacabuary-game/node_modules/@img/sharp-linuxmusl-arm64
90 silly reify mark deleted [
90 silly reify   '/Users/kavi/vacabuary-game/node_modules/@img/sharp-linuxmusl-arm64'
90 silly reify ]
91 verbose reify failed optional dependency /Users/kavi/vacabuary-game/node_modules/@img/sharp-linux-x64
92 silly reify mark deleted [ '/Users/kavi/vacabuary-game/node_modules/@img/sharp-linux-x64' ]
93 verbose reify failed optional dependency /Users/kavi/vacabuary-game/node_modules/@img/sharp-linux-s390x
94 silly reify mark deleted [ '/Users/kavi/vacabuary-game/node_modules/@img/sharp-linux-s390x' ]
95 verbose reify failed optional dependency /Users/kavi/vacabuary-game/node_modules/@img/sharp-linux-riscv64
96 silly reify mark deleted [ '/Users/kavi/vacabuary-game/node_modules/@img/sharp-linux-riscv64' ]
97 verbose reify failed optional dependency /Users/kavi/vacabuary-game/node_modules/@img/sharp-linux-ppc64
98 silly reify mark deleted [ '/Users/kavi/vacabuary-game/node_modules/@img/sharp-linux-ppc64' ]
99 verbose reify failed optional dependency /Users/kavi/vacabuary-game/node_modules/@img/sharp-linux-arm64
100 silly reify mark deleted [ '/Users/kavi/vacabuary-game/node_modules/@img/sharp-linux-arm64' ]
101 verbose reify failed optional dependency /Users/kavi/vacabuary-game/node_modules/@img/sharp-linux-arm
102 silly reify mark deleted [ '/Users/kavi/vacabuary-game/node_modules/@img/sharp-linux-arm' ]
103 verbose reify failed optional dependency /Users/kavi/vacabuary-game/node_modules/@img/sharp-libvips-linuxmusl-x64
104 silly reify mark deleted [
104 silly reify   '/Users/kavi/vacabuary-game/node_modules/@img/sharp-libvips-linuxmusl-x64'
104 silly reify ]
105 verbose reify failed optional dependency /Users/kavi/vacabuary-game/node_modules/@img/sharp-libvips-linuxmusl-arm64
106 silly reify mark deleted [
106 silly reify   '/Users/kavi/vacabuary-game/node_modules/@img/sharp-libvips-linuxmusl-arm64'
106 silly reify ]
107 verbose reify failed optional dependency /Users/kavi/vacabuary-game/node_modules/@img/sharp-libvips-linux-x64
108 silly reify mark deleted [
108 silly reify   '/Users/kavi/vacabuary-game/node_modules/@img/sharp-libvips-linux-x64'
108 silly reify ]
109 verbose reify failed optional dependency /Users/kavi/vacabuary-game/node_modules/@img/sharp-libvips-linux-s390x
110 silly reify mark deleted [
110 silly reify   '/Users/kavi/vacabuary-game/node_modules/@img/sharp-libvips-linux-s390x'
110 silly reify ]
111 verbose reify failed optional dependency /Users/kavi/vacabuary-game/node_modules/@img/sharp-libvips-linux-riscv64
112 silly reify mark deleted [
112 silly reify   '/Users/kavi/vacabuary-game/node_modules/@img/sharp-libvips-linux-riscv64'
112 silly reify ]
113 verbose reify failed optional dependency /Users/kavi/vacabuary-game/node_modules/@img/sharp-libvips-linux-ppc64
114 silly reify mark deleted [
114 silly reify   '/Users/kavi/vacabuary-game/node_modules/@img/sharp-libvips-linux-ppc64'
114 silly reify ]
115 verbose reify failed optional dependency /Users/kavi/vacabuary-game/node_modules/@img/sharp-libvips-linux-arm64
116 silly reify mark deleted [
116 silly reify   '/Users/kavi/vacabuary-game/node_modules/@img/sharp-libvips-linux-arm64'
116 silly reify ]
117 verbose reify failed optional dependency /Users/kavi/vacabuary-game/node_modules/@img/sharp-libvips-linux-arm
118 silly reify mark deleted [
118 silly reify   '/Users/kavi/vacabuary-game/node_modules/@img/sharp-libvips-linux-arm'
118 silly reify ]
119 verbose reify failed optional dependency /Users/kavi/vacabuary-game/node_modules/@img/sharp-libvips-darwin-x64
120 silly reify mark deleted [
120 silly reify   '/Users/kavi/vacabuary-game/node_modules/@img/sharp-libvips-darwin-x64'
120 silly reify ]
121 verbose reify failed optional dependency /Users/kavi/vacabuary-game/node_modules/@img/sharp-darwin-x64
122 silly reify mark deleted [ '/Users/kavi/vacabuary-game/node_modules/@img/sharp-darwin-x64' ]
123 http cache @netlify/plugin-nextjs@https://registry.npmjs.org/@netlify/plugin-nextjs/-/plugin-nextjs-5.15.1.tgz 0ms (cache hit)
124 http cache @tybys/wasm-util@https://registry.npmjs.org/@tybys/wasm-util/-/wasm-util-0.10.1.tgz 0ms (cache hit)
125 http cache @napi-rs/wasm-runtime@https://registry.npmjs.org/@napi-rs/wasm-runtime/-/wasm-runtime-0.2.12.tgz 0ms (cache hit)
126 http cache @emnapi/wasi-threads@https://registry.npmjs.org/@emnapi/wasi-threads/-/wasi-threads-1.1.0.tgz 0ms (cache hit)
127 http cache @emnapi/core@https://registry.npmjs.org/@emnapi/core/-/core-1.7.1.tgz 0ms (cache hit)
128 silly tarball no local data for @netlify/plugin-nextjs@https://registry.npmjs.org/@netlify/plugin-nextjs/-/plugin-nextjs-5.15.1.tgz. Extracting by manifest.
129 http fetch POST 200 https://registry.npmjs.org/-/npm/v1/security/advisories/bulk 220ms
130 silly audit report {}
131 http fetch GET 200 https://registry.npmjs.org/@netlify/plugin-nextjs/-/plugin-nextjs-5.15.1.tgz 1167ms (cache miss)
132 silly ADD node_modules/@netlify/plugin-nextjs
133 silly ADD
134 silly ADD
135 silly ADD
136 silly ADD
137 silly ADD
138 silly ADD
139 silly ADD
140 silly ADD
141 silly ADD
142 silly ADD
143 silly ADD
144 silly ADD
145 silly ADD
146 silly ADD
147 silly ADD
148 silly ADD
149 silly ADD
150 silly ADD
151 silly ADD
152 silly ADD
153 silly ADD
154 silly ADD
155 silly ADD
156 silly ADD
157 silly ADD
158 silly ADD
159 silly ADD
160 silly ADD
161 silly ADD
162 silly ADD
163 silly ADD
164 silly ADD
165 silly ADD
166 silly ADD
167 silly ADD
168 silly ADD
169 silly ADD
170 silly ADD
171 silly ADD
172 silly ADD
173 silly ADD
174 silly ADD
175 silly ADD
176 silly ADD
177 silly ADD
178 silly ADD
179 silly ADD
180 silly ADD
181 silly ADD
182 silly ADD
183 silly ADD
184 verbose cwd /Users/kavi/vacabuary-game
185 verbose os Darwin 25.0.0
186 verbose node v22.17.0
187 verbose npm  v10.9.2
188 verbose exit 0
189 info ok
